// Jest Snapshot v1, https://goo.gl/fbAQLP

exports[`list component renders UI as expected 1`] = `
<section
  className="List"
>
  <header
    className="list-header"
  >
    <h2>
      First list
    </h2>
  </header>
  <div
    className="list-cards"
  >
    <div
      className="Card"
    >
      <h3
        className="title"
      >
        First card
      </h3>
      <p
        className="content"
      >
        lorem ipsum
      </p>
    </div>
    <div
      className="Card"
    >
      <h3
        className="title"
      >
        Second card
      </h3>
      <p
        className="content"
      >
        lorem ipsum
      </p>
    </div>
  </div>
</section>
`;
